../Core/Src/main.c:91:13:mean	32	static
../Core/Src/main.c:108:5:main	376	static
../Core/Src/main.c:283:6:SystemClock_Config	88	static
../Core/Src/main.c:331:13:MX_USART2_UART_Init	8	static
../Core/Src/main.c:364:13:MX_GPIO_Init	48	static
../Core/Src/main.c:397:13:svc_privileges	40	static,ignoring_inline_asm
../Core/Src/main.c:424:13:zeros	24	static
../Core/Src/main.c:431:13:producto_escalar32	32	static
../Core/Src/main.c:438:13:producto_escalar16	32	static
../Core/Src/main.c:446:13:producto_escalar12	32	static
../Core/Src/main.c:454:13:filtro_ventana10	24	static
../Core/Src/main.c:459:13:pack32_to_16	32	static
../Core/Src/main.c:466:16:max	24	static
../Core/Src/main.c:482:6:Error_Handler	4	static,ignoring_inline_asm
